# This file is @generated, regenerate by re-running test with `-- --env BUCK2_UPDATE_GOLDEN=1` appended to the test command

Name                                    Type                  Default
BUCK2_ARG0                              String
BUCK2_DEBUG_RAWOUTPUT_CHUNK_SIZE        usize                 DEFAULT_CHUNK_SIZE
BUCK2_DICE_DUMP_ON_PANIC                bool                  false
BUCK2_DICE_SNAPSHOT_INTERVAL_MS         u64                   500
BUCK2_DISABLE_EDEN_HEALTH_CHECK         bool                  false
BUCK2_DISABLE_FILE_ATTR                 bool                  false
BUCK2_DISABLE_MACOS_QOS                 bool                  false
BUCK2_DUMP_FBS                          String
BUCK2_EDEN_SEMAPHORE                    usize                 DEFAULT_MAX_OUTSTANDING_REQUESTS
BUCK2_HARD_ERROR                        String
BUCK2_IGNORE_VERSION_EXTRACTION_FAILURE bool                  false
BUCK2_IO_SEMAPHORE                      usize                 num_cpus::get()
BUCK2_IO_THREADS                        usize                 4
BUCK2_KEEP_DEP_FILE_DIRECTORIES         bool                  false
BUCK2_LIB_BACKTRACE                     String
BUCK2_MAX_BLOCKING_THREADS              usize
BUCK2_PARANOID_PATH                     String
BUCK2_RE_DOWNLOAD_CONCURRENCY           usize                 256
BUCK2_RUNTIME_THREADS                   usize
BUCK2_SCRIBE_CATEGORY                   String
BUCK2_TERMINATE_AFTER                   u64
BUCK2_TESTING_INACTIVITY_TIMEOUT        bool                  false
BUCK2_TEST_BLOCK_ON_UPLOAD              bool                  false
BUCK2_TEST_BUILD_ERROR                  bool                  false
BUCK2_TEST_DISABLE_CACHING              bool
BUCK2_TEST_DISABLE_LOG_UPLOAD           bool                  false
BUCK2_TEST_ERROR_ON_CACHE_UPLOAD        bool                  false
BUCK2_TEST_EXTRA_EXTERNAL_CONFIG        String
BUCK2_TEST_FAIL_BUCKD_AUTH              bool                  false
BUCK2_TEST_FAIL_CONNECT                 bool                  false
BUCK2_TEST_FAIL_RE_DOWNLOADS            bool                  false
BUCK2_TEST_FORCE_CACHE_UPLOAD           bool                  false
BUCK2_TEST_FORCE_DECLARE_MISMATCH       bool                  false
BUCK2_TEST_INIT_DAEMON_ERROR            bool                  false
BUCK2_TEST_INJECTED_MISSING_DIGESTS     Vec<FileDigest>
BUCK2_TEST_MANIFOLD_CHUNK_BYTES         u64
BUCK2_TEST_MANIFOLD_TTL_S               u64
BUCK2_TEST_ONLY_REMOTE_DEP_FILE_CACHE   bool                  false
BUCK2_TEST_RESOURCE_CONTROL_CONFIG      String
BUCK2_TEST_SKIP_ACTION_CACHE_WRITE      bool                  false
BUCK2_TEST_SKIP_DEFAULT_EXTERNAL_CONFIG bool                  false
BUCK2_TEST_STDIN_BUFFER_SIZE            usize
BUCK2_TEST_TOMBSTONED_DIGESTS           HashSet<FileDigest>
BUCK2_TEST_TPX_USE_TCP                  bool                  false
BUCK2_WATCHMAN_TIMEOUT                  u64                   57
BUCKD_STARTUP_INIT_TIMEOUT              u64
BUCKD_STARTUP_TIMEOUT                   u64
BUCK_ACCESS_TIME_UPDATE_MAX_BUFFER_SIZE usize                 5000
BUCK_CONSOLE                            String
BUCK_DAEMON_LOG_TO_FILE                 u8
BUCK_DEFAULT_DIGEST_ALGORITHM           DigestAlgorithmFamily
BUCK_DISABLE_EXPANDED_PROGRESS          bool                  false
BUCK_LOG                                String
BUCK_NO_INTERACTIVE_CONSOLE             String
BUCK_OFFLINE_BUILD                      String
BUCK_PARANOID                           bool
BUCK_WRAPPER_START_TIME                 u64
CI                                      bool                  false
COMPLETION_VERIFY_LOCKFILE              String
DICE_DETECT_CYCLES_UNSTABLE             DetectCycles
ENFORCE_DISPATCHER_SET                  bool                  false
FORCE_WANT_RESTART                      bool                  false
SANDCASTLE                              String
SANDCASTLE_ALIAS                        String
SANDCASTLE_ID                           String
SANDCASTLE_JOB_INFO                     String
SANDCASTLE_SCHEDULE_TYPE                String
SANDCASTLE_TYPE                         String
SCHEDULE_TYPE                           String
SKYCASTLE_WORKFLOW_ALIAS                String
SKYCASTLE_WORKFLOW_RUN_ID               String
WHICH_DICE_UNSTABLE                     WhichDice
