# This file is @generated, regenerate by re-running test with `-- --env BUCK2_UPDATE_GOLDEN=1` appended to the test command

root//:test (<unspecified>)
  Traceback (most recent call last):
    * TARGETS.fixture:1, in <module>
        trivial_build(

