# This file is @generated, regenerate by re-running test with `-- --env BUCK2_UPDATE_GOLDEN=1` appended to the test command

digraph result_graph {
  "root//bin:the_binary" [style=filled,color="#DFECDF",buck_name=the_binary,buck_cmd="[\"$(exe root//:bin)\", \"$(location root//:data)\"]",buck_deps="[\"root//lib:lib1\", \"root//lib:lib2\", \"root//lib:lib3\"]"];
  "root//bin:the_binary" -> "root//:data";
  "root//bin:the_binary" -> "root//lib:lib1";
  "root//bin:the_binary" -> "root//lib:lib2";
  "root//bin:the_binary" -> "root//lib:lib3";
  "root//:data" [style=filled,color="#DFECDF",buck_name=data,buck_cmd="\"$(exe root//:genrule_binary)\""];
  "root//lib:lib1" [style=filled,color="#DFECDF",buck_name=lib1,buck_cmd="[]",buck_deps="[]"];
  "root//lib:lib1" -> "root//lib:file1";
  "root//lib:lib2" [style=filled,color="#DFECDF",buck_name=lib2,buck_cmd="[\"this is lib2\", \"cmd\", \"$(location root//lib:file2)\"]",buck_deps="[]"];
  "root//lib:lib2" -> "root//lib:file2";
  "root//lib:lib3" [style=filled,color="#DFECDF",buck_name=lib3,buck_cmd="[\"this is lib3\"]+select({\"root//lib:constraint\": [\"this is lib3 too, case 1\"], \"DEFAULT\": [\"this is lib3 too, case 2\"]})",buck_deps="[]"];
  "root//lib:lib3" -> "root//lib:file3";
  "root//lib:file1" [style=filled,color="#DFECDF",buck_name=file1,buck_cmd="\"\""];
  "root//lib:file2" [style=filled,color="#DFECDF",buck_name=file2,buck_cmd="\"\""];
  "root//lib:file3" [style=filled,color="#DFECDF",buck_name=file3,buck_cmd="\"\""];
}
