# This file is @generated, regenerate by re-running test with `-- --env BUCK2_UPDATE_GOLDEN=1` appended to the test command

[<TIMESTAMP>] Starting new buck2 daemon...
Command failed: Error initializing DaemonStateData

Caused by:
    Injected init daemon error
