# This file is @generated, regenerate by re-running test with `-- --env BUCK2_UPDATE_GOLDEN=1` appended to the test command

{
  "failures": {
    "root//fail_action:fail_two": "Action failed: root//fail_action:fail_two (root//config:dog_platform#<HASH>) (failname_b)\nRemote command returned non-zero exit code 1\nRemote action, reproduce with: `frecli cas download-action <DIGEST>`\nStdout: <empty>\nStderr: <empty>\n"
  },
  "results": {
    "root//fail_action:fail_two": {
      "configured": {
        "root//config:dog_platform#<HASH>": {
          "configured_graph_size": null,
          "errors": [
            {
              "action_error": {
                "digest": "<DIGEST>",
                "error_content": "<STRING_HASH>",
                "error_diagnostics": null,
                "key": {
                  "owner": "root//fail_action:fail_two (root//config:dog_platform#<HASH>)"
                },
                "name": {
                  "category": "failname_a",
                  "identifier": ""
                },
                "stderr_content": "<STRING_HASH>",
                "stdout_content": "<STRING_HASH>"
              },
              "cause_index": 0,
              "error_tags": [
                "ACTION_COMMAND_FAILURE",
                "ANY_ACTION_EXECUTION"
              ],
              "message_content": "<STRING_HASH>"
            },
            {
              "action_error": {
                "digest": "<DIGEST>",
                "error_content": "<STRING_HASH>",
                "error_diagnostics": null,
                "key": {
                  "owner": "root//fail_action:fail_two (root//config:dog_platform#<HASH>)"
                },
                "name": {
                  "category": "failname_b",
                  "identifier": ""
                },
                "stderr_content": "<STRING_HASH>",
                "stdout_content": "<STRING_HASH>"
              },
              "cause_index": 1,
              "error_tags": [
                "ACTION_COMMAND_FAILURE",
                "ANY_ACTION_EXECUTION"
              ],
              "message_content": "<STRING_HASH>"
            }
          ],
          "other_outputs": {},
          "outputs": {},
          "success": "FAIL"
        }
      },
      "configured_graph_size": null,
      "errors": [],
      "other_outputs": {},
      "outputs": {},
      "success": "FAIL"
    }
  },
  "strings": {
    "<STRING_HASH>": "",
    "<STRING_HASH>": "Action failed: root//fail_action:fail_two (root//config:dog_platform#<HASH>) (failname_a)\nRemote command returned non-zero exit code 1\nRemote action, reproduce with: `frecli cas download-action <DIGEST>`\nStdout: <empty>\nStderr: <empty>\n",
    "<STRING_HASH>": "Action failed: root//fail_action:fail_two (root//config:dog_platform#<HASH>) (failname_b)\nRemote command returned non-zero exit code 1\nRemote action, reproduce with: `frecli cas download-action <DIGEST>`\nStdout: <empty>\nStderr: <empty>\n",
    "<STRING_HASH>": "Remote command returned non-zero exit code 1"
  },
  "success": false,
  "truncated": false
}
