# This file is @generated, regenerate by re-running test with `-- --env BUCK2_UPDATE_GOLDEN=1` appended to the test command

prelude//:dep prelude//:select-dep prelude//:linux-select-dep