# @generated
# To regenerate, run:
# ```
# STARLARK_RUST_REGENERATE_GOLDEN_TESTS=1 cargo test -p starlark --lib
# ```

def test(x): return True or x

# Bytecode:

Max stack size: 0
Instructions:
       # instrs.star.bzl:1:14-30
   0: ReturnConst True
  16: End
