# @generated
# To regenerate, run:
# ```
# STARLARK_RUST_REGENERATE_BC_TESTS=1 cargo test -p starlark --lib tests
# ```

def test(): return [1] + [2]

# Bytecode:

Max stack size: 1
Instructions:
  0: ListOfConsts [1, 2] &0
  32: Return &0
  40: End
