# @generated
# To regenerate, run:
# ```
# STARLARK_RUST_REGENERATE_GOLDEN_TESTS=1 cargo test -p starlark --lib
# ```

def test(x):
    return x == 10

# Bytecode:

Max stack size: 1
Instructions:
       # instrs.star.bzl:2:5-19
   0: EqInt &x 10 ->&1
  24: Return &1
  32: End
