# @generated
# To regenerate, run:
# ```
# STARLARK_RUST_REGENERATE_BC_TESTS=1 cargo test -p starlark --lib tests
# ```

def test(x):
  if False and x: noop()

# Bytecode:

Max stack size: 0
Instructions:
  0: ReturnConst None
  16: End
