# @generated
# To regenerate, run:
# ```
# STARLARK_RUST_REGENERATE_BC_TESTS=1 cargo test -p starlark --lib tests
# ```

def test():
    return g()

def g():
    return test()

# Bytecode:

Max stack size: 1
Instructions:
  0: CallFrozenDefPos instrs.star.bzl.g &0..&0 instrs.star.bzl:2:12-15 &0
  40: Return &0
  48: End
