# @generated
# To regenerate, run:
# ```
# STARLARK_RUST_REGENERATE_BC_TESTS=1 cargo test -p starlark --lib tests
# ```

def test():
    if True:
        return
    fail("unreachable")

# Bytecode:

Max stack size: 0
Instructions:
  0: ReturnConst None
  16: End
