# @generated
# To regenerate, run:
# ```
# STARLARK_RUST_REGENERATE_BC_TESTS=1 cargo test -p starlark --lib tests
# ```

def test(): return test()

# Bytecode:

Max stack size: 1
Instructions:
  0: CallFrozenDefPos instrs.star.bzl.test &0..&0 instrs.star.bzl:1:20-26 &0
  40: Return &0
  48: End
