# @generated
# To regenerate, run:
# ```
# STARLARK_RUST_REGENERATE_BC_TESTS=1 cargo test -p starlark --lib tests
# ```

def test():
    return _s.f

_s = struct(f = 1)

# Bytecode:

Max stack size: 0
Instructions:
  0: ReturnConst 1
  16: End
