# This file is @generated, regenerate by re-running test with `-- --env BUCK2_UPDATE_GOLDEN=1` appended to the test command

[
  "synchronizing-and-waiting",
  "listing root//",
  "load root//",
  "analysis root//:step_0",
  "action root//:step_1",
  "action root//:check_dynamic_input",
  "materialization root//:check_dynamic_input",
  "compute-critical-path"
]
