# @generated
# To regenerate, run:
# ```
# STARLARK_RUST_REGENERATE_GOLDEN_TESTS=1 cargo test -p starlark --lib
# ```

Program:
def test(x=1, y): pass

Error: error: positional parameter after non positional
 --> test.star:1:15
  |
1 | def test(x=1, y): pass
  |               ^
  |
