# @generated
# To regenerate, run:
# ```
# STARLARK_RUST_REGENERATE_GOLDEN_TESTS=1 cargo test -p starlark --lib
# ```

Program:
def test(/, x): pass

Error: error: `/` cannot be first parameter
 --> test.star:1:10
  |
1 | def test(/, x): pass
  |          ^
  |
